// Jest Snapshot v1, https://goo.gl/fbAQLP

exports[`EditCharacter -- Snapshot Test 1`] = `
<Container>
  <Breadcrumb>
    <BreadcrumbSection>
      <Link
        replace={false}
        to="/"
      />
    </BreadcrumbSection>
    <BreadcrumbDivider />
    <BreadcrumbSection>
      <Link
        replace={false}
        to="/characters"
      />
    </BreadcrumbSection>
    <BreadcrumbDivider />
    <BreadcrumbSection
      active={true}
    />
  </Breadcrumb>
  <Segment>
    <Header
      as="h2"
    />
    <Divider />
    <Form
      as="form"
    >
      <FormField>
        <label
          htmlFor="desc"
        />
        <input
          defaultValue="Un ecrivain"
          id="desc"
          onChange={[Function]}
          placeholder="A most loveable person"
          type="text"
        />
      </FormField>
      <FormField>
        <label
          htmlFor="firstname"
        />
        <input
          defaultValue="Michelle"
          id="firstname"
          onChange={[Function]}
          placeholder="Jane"
          required={true}
          type="text"
        />
      </FormField>
      <FormField>
        <label
          htmlFor="middlename"
        />
        <input
          defaultValue="Romaine"
          id="middlename"
          onChange={[Function]}
          placeholder="Agatha"
          type="text"
        />
      </FormField>
      <FormField>
        <label
          htmlFor="lastname"
        />
        <input
          defaultValue="Toulouse-Lautrec"
          id="lastname"
          onChange={[Function]}
          placeholder="Doe"
          type="text"
        />
      </FormField>
      <FormField>
        <label
          className="col-sm-2 control-label"
          htmlFor="gender"
        />
        <input
          className="form-control"
          defaultValue="Non-binary"
          id="gender"
          onChange={[Function]}
          placeholder="Non-binary"
          type="text"
        />
      </FormField>
      <FormField>
        <label
          className="col-sm-2 control-label"
          htmlFor="origin"
        />
        <input
          className="form-control"
          defaultValue="Paris, France"
          id="origin"
          onChange={[Function]}
          placeholder="Wakanda"
          type="text"
        />
      </FormField>
      <FormField>
        <label
          className="col-sm-2 control-label"
          htmlFor="birthday"
        />
        <input
          className="form-control"
          defaultValue="2015-03-03"
          id="birthday"
          onChange={[Function]}
          placeholder="01-07-2019"
          type="text"
        />
      </FormField>
      <Divider />
      <FormField>
        <label
          className="col-sm-2 control-label"
          htmlFor="project"
        />
        <select
          onChange={[Function]}
        />
      </FormField>
      <Button
        as="button"
        className="btn btn-default"
        onClick={[Function]}
        type="submit"
      />
    </Form>
  </Segment>
</Container>
`;
