// Jest Snapshot v1, https://goo.gl/fbAQLP

exports[`CharacterCard -- Snapshot Test 1`] = `
<Card>
  <CardContent>
    <CardHeader>
      <Link
        replace={false}
        to="/character/1"
      >
        TestName
      </Link>
    </CardHeader>
    <CardMeta>
      <Icon
        as="i"
        name="birthday cake"
      />
       
      01/01/1990
    </CardMeta>
    <CardMeta>
      <Icon
        as="i"
        name="transgender"
      />
       
      TestGender
    </CardMeta>
    <CardDescription>
      TestDescription
    </CardDescription>
  </CardContent>
  <CardContent>
    <Button
      as="button"
      basic={true}
      icon={true}
      labelPosition="left"
    >
      <Icon
        as="i"
        name="book"
      />
       
      <Link
        replace={false}
        to="/project/2"
      >
        TestTitle
      </Link>
    </Button>
  </CardContent>
  <CardContent
    extra={true}
  >
    <Link
      replace={false}
      to="/editcharacter/1"
    >
      <Button
        as="button"
        basic={true}
        circular={true}
        color="blue"
        content=""
        icon="edit"
      />
    </Link>
    <Button
      as="button"
      basic={true}
      circular={true}
      color="red"
      content=""
      icon="delete"
    />
  </CardContent>
</Card>
`;
