// Jest Snapshot v1, https://goo.gl/fbAQLP

exports[`Project -- Snapshot Test 1`] = `
<Container>
  <Breadcrumb>
    <BreadcrumbSection>
      <Link
        replace={false}
        to="/"
      />
    </BreadcrumbSection>
    <BreadcrumbDivider />
    <BreadcrumbSection>
      <Link
        replace={false}
        to="/projects"
      />
    </BreadcrumbSection>
    <BreadcrumbDivider />
    <BreadcrumbSection
      active={true}
    >
      The Passersby
    </BreadcrumbSection>
  </Breadcrumb>
  <SegmentGroup>
    <Segment>
      <Header
        as="h2"
      >
        The Passersby
      </Header>
    </Segment>
    <SegmentGroup
      horizontal={true}
    >
      <Segment>
        <Header
          as="h4"
        />
        <Label
          color="blue"
          content=""
          icon="thumbtack"
          size="large"
        />
      </Segment>
      <Segment>
        <Header
          as="h4"
        />
        <Label
          content="The Passersby"
          icon="paperclip"
          size="large"
        />
      </Segment>
    </SegmentGroup>
    <Segment>
      <Header
        as="h4"
      />
      <p>
        Dublin story
      </p>
    </Segment>
    <Segment>
      <Header
        as="h4"
      />
      <Label
        key="Drama-0"
      >
        Drama
      </Label>
    </Segment>
    <Segment>
      <Header
        as="h4"
      />
      <Table
        as="table"
        celled={true}
        striped={true}
      >
        <TableHeader
          as="thead"
        >
          <TableRow
            as="tr"
            cellAs="td"
          >
            <TableHeaderCell
              as="th"
            />
            <TableHeaderCell
              as="th"
            >
              I18N Circles
            </TableHeaderCell>
          </TableRow>
        </TableHeader>
        <TableBody
          as="tbody"
        >
          <TableRow
            as="tr"
            cellAs="td"
            key="David-0"
          >
            <TableCell
              as="td"
            >
              David
            </TableCell>
            <TableCell
              as="td"
            >
              -
            </TableCell>
          </TableRow>
          <TableRow
            as="tr"
            cellAs="td"
            key="Sean-1"
          >
            <TableCell
              as="td"
            >
              Sean
            </TableCell>
            <TableCell
              as="td"
            >
              -
            </TableCell>
          </TableRow>
        </TableBody>
      </Table>
    </Segment>
    <Segment>
      <Header
        as="h4"
      />
      <LabelGroup
        tag={true}
      >
        <Label
          key="example-0"
        >
          example
        </Label>
        <Label
          key="sample-1"
        >
          sample
        </Label>
        <Label
          key="test-2"
        >
          test
        </Label>
      </LabelGroup>
    </Segment>
    <Segment>
      <Link
        replace={false}
        to="/editproject/5d13a6864ea603c5dcff98d8"
      >
        <Button
          as="button"
        />
      </Link>
      <Button
        as="button"
        content=""
        onClick={[Function]}
      />
    </Segment>
  </SegmentGroup>
</Container>
`;
